  RGR1.cpp
D:\Учёба\rep\labs_uni\Project1\RGR1.cpp(51,20): warning C4244: =: преобразование "double" в "float", возможна потеря данных
D:\Учёба\rep\labs_uni\Project1\RGR1.cpp(69,51): warning C4244: аргумент: преобразование "double" в "GLfloat", возможна потеря данных
D:\Учёба\rep\labs_uni\Project1\RGR1.cpp(69,31): warning C4244: аргумент: преобразование "double" в "GLfloat", возможна потеря данных
D:\Учёба\rep\labs_uni\Project1\RGR1.cpp(195,15): warning C4244: аргумент: преобразование "double" в "GLfloat", возможна потеря данных
D:\Учёба\rep\labs_uni\Project1\RGR1.cpp(194,22): warning C4244: аргумент: преобразование "double" в "GLfloat", возможна потеря данных
D:\Учёба\rep\labs_uni\Project1\RGR1.cpp(234,16): warning C4305: аргумент: усечение из "double" в "GLfloat"
D:\Учёба\rep\labs_uni\Project1\RGR1.cpp(235,16): warning C4305: аргумент: усечение из "double" в "GLfloat"
D:\Учёба\rep\labs_uni\Project1\RGR1.cpp(236,16): warning C4305: аргумент: усечение из "double" в "GLfloat"
D:\Учёба\rep\labs_uni\Project1\RGR1.cpp(237,16): warning C4305: аргумент: усечение из "double" в "GLfloat"
D:\Учёба\rep\labs_uni\Project1\RGR1.cpp(245,16): warning C4305: аргумент: усечение из "double" в "GLfloat"
D:\Учёба\rep\labs_uni\Project1\RGR1.cpp(246,16): warning C4305: аргумент: усечение из "double" в "GLfloat"
D:\Учёба\rep\labs_uni\Project1\RGR1.cpp(247,16): warning C4305: аргумент: усечение из "double" в "GLfloat"
D:\Учёба\rep\labs_uni\Project1\RGR1.cpp(248,16): warning C4305: аргумент: усечение из "double" в "GLfloat"
D:\Учёба\rep\labs_uni\Project1\RGR1.cpp(257,16): warning C4305: аргумент: усечение из "double" в "GLfloat"
D:\Учёба\rep\labs_uni\Project1\RGR1.cpp(258,16): warning C4305: аргумент: усечение из "double" в "GLfloat"
D:\Учёба\rep\labs_uni\Project1\RGR1.cpp(259,16): warning C4305: аргумент: усечение из "double" в "GLfloat"
D:\Учёба\rep\labs_uni\Project1\RGR1.cpp(260,16): warning C4305: аргумент: усечение из "double" в "GLfloat"
D:\Учёба\rep\labs_uni\Project1\RGR1.cpp(269,16): warning C4305: аргумент: усечение из "double" в "GLfloat"
D:\Учёба\rep\labs_uni\Project1\RGR1.cpp(270,16): warning C4305: аргумент: усечение из "double" в "GLfloat"
D:\Учёба\rep\labs_uni\Project1\RGR1.cpp(271,16): warning C4305: аргумент: усечение из "double" в "GLfloat"
D:\Учёба\rep\labs_uni\Project1\RGR1.cpp(272,16): warning C4305: аргумент: усечение из "double" в "GLfloat"
  Создание кода
  0 of 13 functions ( 0.0%) were compiled, the rest were copied from previous compilation.
    0 functions were new in current compilation
    0 functions had inline decision re-evaluated but remain unchanged
  Создание кода завершено
  Project1.vcxproj -> D:\Учёба\rep\labs_uni\Project1\x64\Release\Project1.exe
