c:\users\zilsg\yandex.disk\учёба\2 семестр\обрпо\lab1\rgr\rgr\x64\release\vc143.pdb
c:\users\zilsg\yandex.disk\учёба\2 семестр\обрпо\lab1\rgr\rgr\x64\release\glut5.obj
c:\users\zilsg\yandex.disk\учёба\2 семестр\обрпо\lab1\rgr\x64\release\rgr.exe
c:\users\zilsg\yandex.disk\учёба\2 семестр\обрпо\lab1\rgr\x64\release\rgr.pdb
c:\users\zilsg\yandex.disk\учёба\2 семестр\обрпо\lab1\rgr\rgr\x64\release\rgr.ipdb
c:\users\zilsg\yandex.disk\учёба\2 семестр\обрпо\lab1\rgr\rgr\x64\release\rgr.iobj
c:\users\user\desktop\obrpo\labs_uni\rgr\rgr\x64\release\glut5.obj
c:\users\user\desktop\obrpo\labs_uni\rgr\rgr\x64\release\rgr.ipdb
c:\users\user\desktop\obrpo\labs_uni\rgr\rgr\x64\release\rgr.iobj
c:\users\user\desktop\obrpo\labs_uni\rgr\rgr\x64\release\vc143.pdb
c:\users\user\desktop\obrpo\labs_uni\rgr\x64\release\rgr.pdb
c:\users\user\desktop\obrpo\labs_uni\rgr\x64\release\rgr.exe
c:\users\user\desktop\obrpo\labs_uni\rgr\rgr\x64\release\rgr.tlog\cl.command.1.tlog
c:\users\user\desktop\obrpo\labs_uni\rgr\rgr\x64\release\rgr.tlog\cl.items.tlog
c:\users\user\desktop\obrpo\labs_uni\rgr\rgr\x64\release\rgr.tlog\cl.read.1.tlog
c:\users\user\desktop\obrpo\labs_uni\rgr\rgr\x64\release\rgr.tlog\cl.write.1.tlog
c:\users\user\desktop\obrpo\labs_uni\rgr\rgr\x64\release\rgr.tlog\link.command.1.tlog
c:\users\user\desktop\obrpo\labs_uni\rgr\rgr\x64\release\rgr.tlog\link.read.1.tlog
c:\users\user\desktop\obrpo\labs_uni\rgr\rgr\x64\release\rgr.tlog\link.secondary.1.tlog
c:\users\user\desktop\obrpo\labs_uni\rgr\rgr\x64\release\rgr.tlog\link.write.1.tlog
